// Jest Snapshot v1, https://goo.gl/fbAQLP

exports[`app component 1`] = `
<h1>
  Hello world!
</h1>
`;
